
Memory Configuration

Name             Origin             Length             Attributes
ram              0x80000000         0x00500000         xrw
*default*        0x00000000         0xffffffff

Linker script and memory map

                0x00000000                __DYNAMIC=0x0
                0x00400000                PROVIDE (__stack, 0x400000)
                0x00000000                PROVIDE (hardware_init_hook, 0x0)
                0x00000000                PROVIDE (_hardware_init_hook, 0x0)
                0x00000000                PROVIDE (software_init_hook, 0x0)
                0x00000000                PROVIDE (_software_init_hook, 0x0)

.text           0x80000000    0x335f0
 *(.text)
 .text          0x80000000      0x9bc S2_Extron_SW_Series.o
                0x8000017a                S2_Extron_SW_SeriesEventHandler00001
                0x800008e6                S2_Extron_SW_Series_main
                0x8000080e                S2_Extron_SW_Series_EventHandler
                0x80000000                S2_Extron_SW_SeriesEventHandler00000
 .text          0x800009bc      0x5ce S2_KeyProA.o
                0x80000af4                S2_KeyProAEventHandler00002
                0x80000cb6                S2_KeyProA_main
                0x80000e04                S2_KeyProA_EventHandler
                0x800009bc                S2_KeyProAEventHandler00000
                0x80000e8e                S2_KeyProAEventHandler00001
 *fill*         0x80000f8a        0x2
 .text          0x80000f8c    0x14138 S2_Cisco_SX80_Drive_v1_4_4__2_Series_Only_.o
                0x80012afe                S2_Cisco_SX80_Drive_v1_4_4__2_Series_Only_EventHandler00024
                0x800106a4                S2_Cisco_SX80_Drive_v1_4_4__2_Series_Only_EventHandler00015
                0x80014e20                S2_Cisco_SX80_Drive_v1_4_4__2_Series_Only_EventHandler00018
                0x800140ba                S2_Cisco_SX80_Drive_v1_4_4__2_Series_Only_WPHONEBOOKREQUESTTIMEOUT
                0x8001266a                S2_Cisco_SX80_Drive_v1_4_4__2_Series_Only_EventHandler00022
                0x8000e6aa                S2_Cisco_SX80_Drive_v1_4_4__2_Series_Only_EventHandler00001
                0x80013fce                S2_Cisco_SX80_Drive_v1_4_4__2_Series_Only__PHONEBOOK_Constructor
                0x80014232                S2_Cisco_SX80_Drive_v1_4_4__2_Series_Only_EventHandler00003
                0x80014976                S2_Cisco_SX80_Drive_v1_4_4__2_Series_Only_EventHandler00010
                0x80014798                S2_Cisco_SX80_Drive_v1_4_4__2_Series_Only_EventHandler0000E
                0x800146a6                S2_Cisco_SX80_Drive_v1_4_4__2_Series_Only_EventHandler0000B
                0x800133a8                S2_Cisco_SX80_Drive_v1_4_4__2_Series_Only__EventHandler
                0x8001407c                S2_Cisco_SX80_Drive_v1_4_4__2_Series_Only_WTOUCHWAIT
                0x80014a4a                S2_Cisco_SX80_Drive_v1_4_4__2_Series_Only_EventHandler00011
                0x80010c4c                S2_Cisco_SX80_Drive_v1_4_4__2_Series_Only_EventHandler0001B
                0x80012346                S2_Cisco_SX80_Drive_v1_4_4__2_Series_Only_EventHandler00020
                0x80010ecc                S2_Cisco_SX80_Drive_v1_4_4__2_Series_Only_EventHandler0001D
                0x80014f34                S2_Cisco_SX80_Drive_v1_4_4__2_Series_Only_EventHandler00019
                0x80014c2e                S2_Cisco_SX80_Drive_v1_4_4__2_Series_Only_EventHandler00013
                0x800058e4                S2_Cisco_SX80_Drive_v1_4_4__2_Series_Only_WSEARCH
                0x800143ae                S2_Cisco_SX80_Drive_v1_4_4__2_Series_Only_EventHandler00005
                0x8000e7ee                S2_Cisco_SX80_Drive_v1_4_4__2_Series_Only_EventHandler00009
                0x80011d1e                S2_Cisco_SX80_Drive_v1_4_4__2_Series_Only_EventHandler0001E
                0x80014072                S2_Cisco_SX80_Drive_v1_4_4__2_Series_Only__CONTACTMETHOD_Destructor
                0x800142f0                S2_Cisco_SX80_Drive_v1_4_4__2_Series_Only_EventHandler00004
                0x8001446c                S2_Cisco_SX80_Drive_v1_4_4__2_Series_Only_EventHandler00006
                0x80013f5a                S2_Cisco_SX80_Drive_v1_4_4__2_Series_Only__CALLS_Constructor
                0x800121b4                S2_Cisco_SX80_Drive_v1_4_4__2_Series_Only_EventHandler0001F
                0x800124d8                S2_Cisco_SX80_Drive_v1_4_4__2_Series_Only_EventHandler00021
                0x8001452a                S2_Cisco_SX80_Drive_v1_4_4__2_Series_Only_EventHandler00007
                0x80014b1e                S2_Cisco_SX80_Drive_v1_4_4__2_Series_Only_EventHandler00012
                0x8001057a                S2_Cisco_SX80_Drive_v1_4_4__2_Series_Only_EventHandler00014
                0x8001096c                S2_Cisco_SX80_Drive_v1_4_4__2_Series_Only_EventHandler0001A
                0x8000e932                S2_Cisco_SX80_Drive_v1_4_4__2_Series_Only_EventHandler0000A
                0x8000ea6a                S2_Cisco_SX80_Drive_v1_4_4__2_Series_Only_EventHandler0000C
                0x8001500c                S2_Cisco_SX80_Drive_v1_4_4__2_Series_Only_EventHandler0001C
                0x80014010                S2_Cisco_SX80_Drive_v1_4_4__2_Series_Only__PHONEBOOK_Destructor
                0x80014136                S2_Cisco_SX80_Drive_v1_4_4__2_Series_Only_WCLEARDISCONENCTEDCALL
                0x80010822                S2_Cisco_SX80_Drive_v1_4_4__2_Series_Only_EventHandler00016
                0x80014174                S2_Cisco_SX80_Drive_v1_4_4__2_Series_Only_EventHandler00002
                0x8001039e                S2_Cisco_SX80_Drive_v1_4_4__2_Series_Only_EventHandler0000D
                0x800134cc                S2_Cisco_SX80_Drive_v1_4_4__2_Series_Only__main
                0x80013fc4                S2_Cisco_SX80_Drive_v1_4_4__2_Series_Only__CALLS_Destructor
                0x800140f8                S2_Cisco_SX80_Drive_v1_4_4__2_Series_Only_WCLEARINCOMINGCALL
                0x8000e568                S2_Cisco_SX80_Drive_v1_4_4__2_Series_Only_EventHandler00000
                0x80014d5a                S2_Cisco_SX80_Drive_v1_4_4__2_Series_Only_EventHandler00017
                0x800127fc                S2_Cisco_SX80_Drive_v1_4_4__2_Series_Only_EventHandler00023
                0x8001401a                S2_Cisco_SX80_Drive_v1_4_4__2_Series_Only__CONTACTMETHOD_Constructor
                0x800145e8                S2_Cisco_SX80_Drive_v1_4_4__2_Series_Only_EventHandler00008
                0x800148a4                S2_Cisco_SX80_Drive_v1_4_4__2_Series_Only_EventHandler0000F
 .text          0x800150c4      0xcc4 S2_CG_EIB_Addressing.o
                0x80015b74                S2_CG_EIB_Addressing_EventHandler
                0x80015740                S2_CG_EIB_AddressingEventHandler00001
                0x800150c4                S2_CG_EIB_AddressingEventHandler00000
                0x800159e4                S2_CG_EIB_AddressingEventHandler00002
                0x80015c6a                S2_CG_EIB_Addressing_main
 .text          0x80015d88     0x4cc0 S2_CG_EIB_IO_V4_1.o
                0x800199d6                S2_CG_EIB_IO_V4_1EventHandler00002
                0x8001892c                S2_CG_EIB_IO_V4_1EventHandler00001
                0x8001a30a                S2_CG_EIB_IO_V4_1_EventHandler
                0x8001a8ee                S2_CG_EIB_IO_V4_1WAIT_RX
                0x8001a886                S2_CG_EIB_IO_V4_1WAIT_CMD
                0x8001a400                S2_CG_EIB_IO_V4_1_main
                0x8001a976                S2_CG_EIB_IO_V4_1EventHandler00000
 .text          0x8001aa48     0x297a S2_BiAmp_AudiaFlex_Command_Processor_IP_v7_4.o
                0x8001b106                S2_BiAmp_AudiaFlex_Command_Processor_IP_v7_4EventHandler00003
                0x8001d32c                S2_BiAmp_AudiaFlex_Command_Processor_IP_v7_4WNAMETIMEOUT
                0x8001cf50                S2_BiAmp_AudiaFlex_Command_Processor_IP_v7_4_main
                0x8001b4c4                S2_BiAmp_AudiaFlex_Command_Processor_IP_v7_4EventHandler00004
                0x8001d37a                S2_BiAmp_AudiaFlex_Command_Processor_IP_v7_4EventHandler00001
                0x8001d2e0                S2_BiAmp_AudiaFlex_Command_Processor_IP_v7_4WTIMEOUT
                0x8001aa48                S2_BiAmp_AudiaFlex_Command_Processor_IP_v7_4EventHandler00000
                0x8001c182                S2_BiAmp_AudiaFlex_Command_Processor_IP_v7_4EventHandler00006
                0x8001b64a                S2_BiAmp_AudiaFlex_Command_Processor_IP_v7_4EventHandler00005
                0x8001ac1c                S2_BiAmp_AudiaFlex_Command_Processor_IP_v7_4EventHandler00002
                0x8001ce6e                S2_BiAmp_AudiaFlex_Command_Processor_IP_v7_4_EventHandler
 *fill*         0x8001d3c2        0x2
 .text          0x8001d3c4     0x2aa0 S2_Biamp_Level_Processor_v7_4.o
                0x8001fcb0                S2_Biamp_Level_Processor_v7_4EventHandler00001
                0x8001e4c8                S2_Biamp_Level_Processor_v7_4EventHandler00006
                0x8001ebd8                S2_Biamp_Level_Processor_v7_4EventHandler00008
                0x8001fe12                S2_Biamp_Level_Processor_v7_4EventHandler00005
                0x8001f3c8                S2_Biamp_Level_Processor_v7_4EventHandler0000B
                0x8001fba2                S2_Biamp_Level_Processor_v7_4EventHandler00000
                0x8001f1f0                S2_Biamp_Level_Processor_v7_4EventHandler0000A
                0x8001e984                S2_Biamp_Level_Processor_v7_4EventHandler00007
                0x8001de88                S2_Biamp_Level_Processor_v7_4EventHandler00002
                0x8001fdc0                S2_Biamp_Level_Processor_v7_4EventHandler00004
                0x8001f698                S2_Biamp_Level_Processor_v7_4_EventHandler
                0x8001fb4c                S2_Biamp_Level_Processor_v7_4WRAMPWAIT
                0x8001eee4                S2_Biamp_Level_Processor_v7_4EventHandler00009
                0x8001f76a                S2_Biamp_Level_Processor_v7_4_main
                0x8001e2be                S2_Biamp_Level_Processor_v7_4EventHandler00003
 .text          0x8001fe64     0x169e S2_Biamp_On_Off_Processor_v7_4.o
                0x800214b0                S2_Biamp_On_Off_Processor_v7_4EventHandler00003
                0x80020c4c                S2_Biamp_On_Off_Processor_v7_4EventHandler00005
                0x800210ae                S2_Biamp_On_Off_Processor_v7_4_EventHandler
                0x8002145e                S2_Biamp_On_Off_Processor_v7_4EventHandler00002
                0x800211de                S2_Biamp_On_Off_Processor_v7_4_main
                0x80020d90                S2_Biamp_On_Off_Processor_v7_4EventHandler00006
                0x80020586                S2_Biamp_On_Off_Processor_v7_4EventHandler00001
                0x80020790                S2_Biamp_On_Off_Processor_v7_4EventHandler00004
                0x800201b8                S2_Biamp_On_Off_Processor_v7_4EventHandler00000
                0x80020ed4                S2_Biamp_On_Off_Processor_v7_4EventHandler00007
 *fill*         0x80021502        0x2
 .text          0x80021504      0x432 S2_DialConti.o
                0x8002177c                S2_DialConti_EventHandler
                0x8002170a                S2_DialConti_main
                0x8002189e                S2_DialContiEventHandler00002
                0x80021806                S2_DialContiEventHandler00001
                0x80021504                S2_DialContiEventHandler00000
 *fill*         0x80021936        0x2
 .text          0x80021938     0x732e S2_HD_MD_4K_E_Connection_Manager_v1_0.o
                0x80023822                S2_HD_MD_4K_E_Connection_Manager_v1_0EventHandler0000D
                0x80028b4a                S2_HD_MD_4K_E_Connection_Manager_v1_0EventHandler00012
                0x80027eb0                S2_HD_MD_4K_E_Connection_Manager_v1_0_EventHandler
                0x80028a5c                S2_HD_MD_4K_E_Connection_Manager_v1_0EventHandler00001
                0x80022ccc                S2_HD_MD_4K_E_Connection_Manager_v1_0EventHandler00005
                0x800233de                S2_HD_MD_4K_E_Connection_Manager_v1_0EventHandler0000A
                0x80023b22                S2_HD_MD_4K_E_Connection_Manager_v1_0EventHandler0000F
                0x80023ca0                S2_HD_MD_4K_E_Connection_Manager_v1_0EventHandler00010
                0x80022b7c                S2_HD_MD_4K_E_Connection_Manager_v1_0EventHandler00004
                0x80023106                S2_HD_MD_4K_E_Connection_Manager_v1_0EventHandler00008
                0x800236b6                S2_HD_MD_4K_E_Connection_Manager_v1_0EventHandler0000C
                0x80028c06                S2_HD_MD_4K_E_Connection_Manager_v1_0EventHandler00013
                0x800276f8                S2_HD_MD_4K_E_Connection_Manager_v1_0EventHandler00015
                0x800275b0                S2_HD_MD_4K_E_Connection_Manager_v1_0PINGWAIT
                0x8002354a                S2_HD_MD_4K_E_Connection_Manager_v1_0EventHandler0000B
                0x8002813e                S2_HD_MD_4K_E_Connection_Manager_v1_0_main
                0x800228dc                S2_HD_MD_4K_E_Connection_Manager_v1_0EventHandler00002
                0x80022a2c                S2_HD_MD_4K_E_Connection_Manager_v1_0EventHandler00003
                0x80022e1c                S2_HD_MD_4K_E_Connection_Manager_v1_0EventHandler00006
                0x800244ea                S2_HD_MD_4K_E_Connection_Manager_v1_0EventHandler00014
                0x80023e1e                S2_HD_MD_4K_E_Connection_Manager_v1_0EventHandler00011
                0x800239a2                S2_HD_MD_4K_E_Connection_Manager_v1_0EventHandler0000E
                0x80028a02                S2_HD_MD_4K_E_Connection_Manager_v1_0EventHandler00000
                0x80022f9a                S2_HD_MD_4K_E_Connection_Manager_v1_0EventHandler00007
                0x80023272                S2_HD_MD_4K_E_Connection_Manager_v1_0EventHandler00009
 *fill*         0x80028c66        0x2
 .text          0x80028c68     0x5836 library.o
                0x8002ce54                RotateRightLong
                0x8002d462                IsSystem
                0x8002cdb8                Seed
                0x8002a6b0                Remove
                0x8002ca34                Ltoa
                0x8002c760                Atoi
                0x8002bac8                InitRampInfoArray
                0x8002d20e                Right
                0x8002e23e                LockInputSema
                0x8002cce2                Mod
                0x8002ceca                Getc
                0x8002cc16                SMuldiv
                0x8002d444                IsHidden
                0x8002cafa                Min
                0x8002e052                hextosi
                0x8002d5e8                WriteIntegerArray
                0x8002db5e                GetSignedIntArrayElementPtr
                0x8002c482                CheckStructArray
                0x8002e066                hextosl
                0x8002d76e                WriteSignedIntegerArray
                0x8002c14a                InitStringParamArray
                0x8002b41c                ReadSignedLongIntegerArray
                0x8002a33e                GatherToDelimiter
                0x8002bf6e                InitStringArray
                0x8002cad4                Max
                0x8002d49e                IsReadOnly
                0x8002cbde                SMax
                0x8002a4e2                GatherByLength
                0x8002c96e                Chr
                0x8002d5c0                ReadSignedLongInteger
                0x8002c9ec                Itohex
                0x8002c3f4                GetStructArrayElement
                0x8002c6e8                UNS_SetByte
                0x8002d1e2                ReverseFindi
                0x8002b8c4                ReadStringArray
                0x8002d96e                GetIntArrayElementPtr
                0x8002d01e                Lower
                0x8002cdd4                RotateLeft
                0x8002e186                ResizeIfAutogrow
                0x8002bbf4                CheckInputArray
                0x800291d6                ResizeStringArray
                0x8002c900                Atosl
                0x8002c728                High
                0x8002cd84                Rnd
                0x8002cca6                UMod
                0x8002ce2a                RotateLeftLong
                0x8002e2b2                FindNumericChar
                0x8002ddb6                CheckIOArrayBounds2
                0x8002d3fc                MakeProgramFilename
                0x8002cbfa                SMin
                0x8002cf52                Left
                0x8002ce94                CheckBufferThreshold
                0x8002d578                ReadSignedInteger
                0x8002c752                LowWord
                0x80028c68                Bit
                0x8002d528                ReadLongInteger
                0x8002c566                Byte
                0x8002da66                GetLongArrayElementPtr
                0x8002d1b4                ReverseFind
                0x8002d412                GetSeries
                0x8002e37e                InitTcpServer
                0x8002d006                Len
                0x8002de86                InitializeRampInfoInternal
                0x8002cb20                Divide
                0x8002c86c                Atol
                0x8002d408                GetModelNumber
                0x8002dd4e                CheckIOArrayBounds
                0x8002bc4e                CheckStringInputArray
                0x8002d830                WriteSignedLongIntegerArray
                0x8002c33e                GetStringArrayElement
                0x8002ca78                Ltohex
                0x8002c9a4                Itoa
                0x8002cdfe                RotateRight
                0x8002a99e                InternalReverseFind
                0x8002d508                WriteLongInteger
                0x8002be72                InitDynamicStringStruct
                0x8002bd64                SetStringArray
                0x8002b1fa                ReadSignedIntegerArray
                0x8002bca8                SetOutputArray
                0x8002d4b8                WriteInteger
                0x8002c2d2                InitStructDynamicArray
                0x8002ac28                SetString
                0x8002cd1e                Random
                0x8002d550                WriteSignedInteger
                0x80028ecc                Find
                0x8002d41c                GetProgramNumber
                0x8002d0f2                Mid
                0x8002e2f0                InitTcpClient
                0x80029dba                ResizeStructArray
                0x8002dc56                GetSignedLongArrayElementPtr
                0x8002e078                hextol
                0x8002b63e                ReadString
                0x8002c004                InitDynamicStringArray
                0x8002e15e                UpperChar
                0x8002c7fc                Atosi
                0x8002d4e0                ReadInteger
                0x8002cb92                Muldiv
                0x8002bd16                SetStringOutputArray
                0x8002d8f4                WriteString
                0x8002982e                ResizeIntegerArray
                0x8002bbbc                InitInOutArray
                0x8002c212                InitNvramStringArray
                0x8002cabc                Abs
                0x8002cc62                SDivide
                0x8002adb8                ReadIntegerArray
                0x80028d78                CompareStrings
                0x8002e136                LowerChar
                0x8002e40e                InitUdpSocket
                0x8002ce7c                ClearBuffer
                0x8002d2ca                Upper
                0x8002c2ae                InitStructArray
                0x8002d3a0                MakeLower
                0x8002d480                IsVolume
                0x8002a80a                RemoveByLength
                0x8002c4fe                CheckStringOutputArrayIndex
                0x8002d6aa                WriteLongIntegerArray
                0x8002df32                InitRampInfoStructArray
                0x8002c744                HighWord
                0x80029040                ResizeString
                0x8002d426                IsDirectory
                0x8002afd8                ReadLongIntegerArray
                0x8002c736                Low
                0x8002a1e4                Gather
                0x8002d3ce                MakeUpper
                0x8002be34                InitStringStruct
                0x8002de1e                CheckStringArrayBounds
                0x8002cb64                CheckDenominator
                0x8002e03a                hextoi
                0x8002b75c                WriteStringArray
                0x8002c626                SetByte
                0x8002dedc                InitializeRampInfo
                0x8002e278                UnLockInputSema
                0x8002d5a0                WriteSignedLongInteger
                0x8002bf26                InitNvramStringStruct
 *fill*         0x8002e49e        0x2
                0x8002e4a0                .=ALIGN(0x10)
 *(.eh_frame)
                0x8002e4a0                .=ALIGN(0x10)
 *(.gnu.linkonce.t.*)
                0x8002e4a0                .=ALIGN(0x4)
                0x8002e4a0                __CTOR_LIST__=.
                0x8002e4a0                ___CTOR_LIST__=.
                0x8002e4a0        0x4 LONG 0x0 (((__CTOR_END__-__CTOR_LIST__)/0x4)-0x2)
 *(.ctors)
                0x8002e4a4        0x4 LONG 0x0
                0x8002e4a8                __CTOR_END__=.
                0x8002e4a8                __DTOR_LIST__=.
                0x8002e4a8                ___DTOR_LIST__=.
                0x8002e4a8        0x4 LONG 0x0 (((__DTOR_END__-__DTOR_LIST__)/0x4)-0x2)
 *(.dtors)
                0x8002e4ac        0x4 LONG 0x0
                0x8002e4b0                __DTOR_END__=.
 *(.rodata)
 .rodata        0x8002e4b0      0x33c S2_Extron_SW_Series.o
 .rodata        0x8002e7ec      0x29c S2_KeyProA.o
 .rodata        0x8002ea88     0x184b S2_Cisco_SX80_Drive_v1_4_4__2_Series_Only_.o
 .rodata        0x800302d3      0x341 S2_CG_EIB_Addressing.o
 .rodata        0x80030614      0x5b0 S2_CG_EIB_IO_V4_1.o
 .rodata        0x80030bc4      0x432 S2_BiAmp_AudiaFlex_Command_Processor_IP_v7_4.o
 .rodata        0x80030ff6      0x4a8 S2_Biamp_Level_Processor_v7_4.o
 .rodata        0x8003149e      0x3fc S2_Biamp_On_Off_Processor_v7_4.o
 .rodata        0x8003189a      0x263 S2_DialConti.o
 .rodata        0x80031afd      0xe8f S2_HD_MD_4K_E_Connection_Manager_v1_0.o
 .rodata        0x8003298c      0xc54 library.o
 *(.gcc_except_table)
                0x800335e0                .=ALIGN(0x2)
                0x800335e0                __INIT_SECTION__=.
                0x800335e0        0x4 LONG 0x4e560000
 *(.init)
                0x800335e4        0x2 SHORT 0x4e5e
                0x800335e6        0x2 SHORT 0x4e75
                0x800335e8                __FINI_SECTION__=.
                0x800335e8        0x4 LONG 0x4e560000
 *(.fini)
                0x800335ec        0x2 SHORT 0x4e5e
                0x800335ee        0x2 SHORT 0x4e75
 *(.lit)
                0x800335f0                .=ALIGN(0x10)
                0x800335f0                _etext=.
                0x800335f0                etext=.

.data           0x800335f0        0x0
                0x800335f0                copy_start=.
 *(.shdata)
 *(.data)
 *(.gnu.linkonce.d.*)
                0x800335f0                .=ALIGN(0x10)
                0x800335f0                _edata=.
                0x800335f0                copy_end=.

.got
 *(.got.plt)
 *(.got)

EntryList       0x800335f0      0xaa0
 *(EntryList)
 EntryList      0x800335f0      0x110 S2_Extron_SW_Series.o
                0x800335f0                S2_Extron_SW_Series_Entry
 EntryList      0x80033700      0x110 S2_KeyProA.o
                0x80033700                S2_KeyProA_Entry
 EntryList      0x80033810      0x110 S2_Cisco_SX80_Drive_v1_4_4__2_Series_Only_.o
                0x80033810                S2_Cisco_SX80_Drive_v1_4_4__2_Series_Only__Entry
 EntryList      0x80033920      0x110 S2_CG_EIB_Addressing.o
                0x80033920                S2_CG_EIB_Addressing_Entry
 EntryList      0x80033a30      0x110 S2_CG_EIB_IO_V4_1.o
                0x80033a30                S2_CG_EIB_IO_V4_1_Entry
 EntryList      0x80033b40      0x110 S2_BiAmp_AudiaFlex_Command_Processor_IP_v7_4.o
                0x80033b40                S2_BiAmp_AudiaFlex_Command_Processor_IP_v7_4_Entry
 EntryList      0x80033c50      0x110 S2_Biamp_Level_Processor_v7_4.o
                0x80033c50                S2_Biamp_Level_Processor_v7_4_Entry
 EntryList      0x80033d60      0x110 S2_Biamp_On_Off_Processor_v7_4.o
                0x80033d60                S2_Biamp_On_Off_Processor_v7_4_Entry
 EntryList      0x80033e70      0x110 S2_DialConti.o
                0x80033e70                S2_DialConti_Entry
 EntryList      0x80033f80      0x110 S2_HD_MD_4K_E_Connection_Manager_v1_0.o
                0x80033f80                S2_HD_MD_4K_E_Connection_Manager_v1_0_Entry
                0x80034090                .=ALIGN(0x4)

FunctionList    0x80034090        0x4
 *(FunctionList)
 FunctionList   0x80034090        0x4 globals.o
                0x80034090                g_pFunctions
                0x80034094                .=ALIGN(0x4)

.bss            0x80034094        0x0
                0x80034094                .=ALIGN(0x4)
                0x80034094                __bss_start=.
 *(.shbss)
 *(.bss)
 *(COMMON)
                0x80034098                _end=ALIGN(0x8)
                0x80034098                __end=_end

.stab
 *(.stab)

.stabstr
 *(.stabstr)

.debug
 *(.debug)

.line
 *(.line)

.debug_srcinfo
 *(.debug_srcinfo)

.debug_sfnames
 *(.debug_sfnames)

.debug_aranges
 *(.debug_aranges)

.debug_pubnames
 *(.debug_pubnames)

.debug_info
 *(.debug_info)

.debug_abbrev
 *(.debug_abbrev)

.debug_line
 *(.debug_line)

.debug_frame
 *(.debug_frame)

.debug_str
 *(.debug_str)

.debug_loc
 *(.debug_loc)

.debug_macinfo
 *(.debug_macinfo)

.debug_weaknames
 *(.debug_weaknames)

.debug_funcnames
 *(.debug_funcnames)

.debug_typenames
 *(.debug_typenames)

.debug_varnames
 *(.debug_varnames)
LOAD S2_Extron_SW_Series.o
LOAD S2_KeyProA.o
LOAD S2_Cisco_SX80_Drive_v1_4_4__2_Series_Only_.o
LOAD S2_CG_EIB_Addressing.o
LOAD S2_CG_EIB_IO_V4_1.o
LOAD S2_BiAmp_AudiaFlex_Command_Processor_IP_v7_4.o
LOAD S2_Biamp_Level_Processor_v7_4.o
LOAD S2_Biamp_On_Off_Processor_v7_4.o
LOAD S2_DialConti.o
LOAD S2_HD_MD_4K_E_Connection_Manager_v1_0.o
LOAD globals.o
LOAD library.o
OUTPUT(_S2_300316_Conti_7003.spl elf32-m68k)

.comment        0x80034094      0x1c8
 .comment       0x80034094       0x26 S2_Extron_SW_Series.o
 .comment       0x800340ba       0x26 S2_KeyProA.o
 .comment       0x800340e0       0x26 S2_Cisco_SX80_Drive_v1_4_4__2_Series_Only_.o
 .comment       0x80034106       0x26 S2_CG_EIB_Addressing.o
 .comment       0x8003412c       0x26 S2_CG_EIB_IO_V4_1.o
 .comment       0x80034152       0x26 S2_BiAmp_AudiaFlex_Command_Processor_IP_v7_4.o
 .comment       0x80034178       0x26 S2_Biamp_Level_Processor_v7_4.o
 .comment       0x8003419e       0x26 S2_Biamp_On_Off_Processor_v7_4.o
 .comment       0x800341c4       0x26 S2_DialConti.o
 .comment       0x800341ea       0x26 S2_HD_MD_4K_E_Connection_Manager_v1_0.o
 .comment       0x80034210       0x26 globals.o
 .comment       0x80034236       0x26 library.o
